[www.bmts.ae/index.html]
[www.bmts.ae/templates/bmtsversion6/javascripts/jquery.js]
[www.bmts.ae/templates/bmtsversion6/javascripts/jquery.boxy.js]
[www.bmts.ae/templates/bmtsversion6/stylesheets/boxy.css]
[www.bmts.ae/templates/bmtsversion6/js/jquery.fancybox62ba.js]
[www.bmts.ae/templates/bmtsversion6/js/jquery.min.js]
[backblue.gif]
[fade.gif]
[index.html]
[www.bmts.ae/templates/bmtsversion6/css/jquery.fancybox1c51.css]
[www.bmts.ae/plugins/system/rokbox/themes/light/rokbox-style.css]
[www.bmts.ae/modules/mod_unite_nivoslider/tmpl/css/nivo-slider.css]
[www.bmts.ae/modules/mod_unite_nivoslider/tmpl/themes/default/default.css]
[www.bmts.ae/indexc0d0.html]
[www.bmts.ae/index7b17.html]
[www.bmts.ae/media/com_finder/css/finder.css]
[www.bmts.ae/media/com_finder/css/sliderfilter.css]
[www.bmts.ae/modules/mod_roknavmenu/themes/fusion/css/fusion.css]
[www.bmts.ae/media/system/js/core.js]
[www.bmts.ae/media/system/js/caption.js]
[www.bmts.ae/plugins/system/rokbox/themes/light/rokbox-config.js]
[www.bmts.ae/media/system/js/mootools-core.js]
[www.bmts.ae/plugins/system/rokbox/rokbox.js]
[www.bmts.ae/modules/mod_unite_nivoslider/tmpl/js/jquery.nivo.slider.pack.js]
[www.bmts.ae/modules/mod_roknavmenu/themes/fusion/js/sfhover.js]
[www.bmts.ae/media/com_finder/js/autocompleter.js]
[www.bmts.ae/templates/system/css/system.css]
[www.bmts.ae/plugins/system/rokbox/index.html]
[www.bmts.ae/templates/system/css/general.css]
[www.bmts.ae/templates/bmtsversion6/images/favicon.ico]
[www.bmts.ae/templates/bmtsversion6/css/default.css]
[www.bmts.ae/templates/bmtsversion6/images/logo.png]
[www.bmts.ae/about-us-bmts.html]
[www.bmts.ae/about-us-bmts/history.html]
[www.bmts.ae/about-us-bmts/people.html]
[www.bmts.ae/media/system/js/mootools-more.js]
[www.bmts.ae/about-us-bmts/vision-mision-values.html]
[www.bmts.ae/solutions-services/building-management-solutions.html]
[www.bmts.ae/solutions-services/data-systems.html]
[www.bmts.ae/solutions-services/home-automation-systems.html]
[www.bmts.ae/solutions-services/facility-management-solutions.html]
[www.bmts.ae/solutions-services/intelligent-lighting-controls.html]
[www.bmts.ae/solutions-services/life-safety-solutions.html]
[www.bmts.ae/solutions-services/power-solutions.html]
[www.bmts.ae/solutions-services/security-access-control.html]
[www.bmts.ae/solutions-services/vehicle-flow-management-systems.html]
[www.bmts.ae/our-partners/bms.html]
[www.bmts.ae/our-partners/structured-cabling.html]
[www.bmts.ae/our-partners/home-automation.html]
[www.bmts.ae/our-partners/life-safety-solutions.html]
[www.bmts.ae/our-partners/power-solutions.html]
[www.bmts.ae/our-partners/security-access-control.html]
[www.bmts.ae/our-partners/sustainable-solution.html]
[www.bmts.ae/our-partners/vehicle-management.html]
[www.bmts.ae/project-references/banking-finace.html]
[www.bmts.ae/project-references/commercial.html]
[www.bmts.ae/project-references/education.html]
[www.bmts.ae/project-references/goverment-buildings.html]
[www.bmts.ae/project-references/healthcare.html]
[www.bmts.ae/project-references/holiday-laisure.html]
[www.bmts.ae/project-references/airports-infrastructure.html]
[www.bmts.ae/project-references/residential.html]
[www.bmts.ae/project-references/shopping-malls.html]
[www.bmts.ae/project-references/sports-pastime.html]
[www.bmts.ae/media-center/gallery-news-events.html]
[www.bmts.ae/media-center/gallery-news-events/bmts-moves-to-new-location-in-mussafah.html]
[www.bmts.ae/media-center/gallery-news-events/bmts-wins-distributor-of-the-year-at-helvar-meet.html]
[www.bmts.ae/media-center/newsletters.html]
[www.bmts.ae/media-center/news-events.html]
[www.bmts.ae/media-center/news-events/comelit-bmts-launch-ip-technology.html]
[www.bmts.ae/media-center/news-events/new-office-in-mussafah.html]
[www.bmts.ae/media-center/news-events/helvar-distributor-of-the-year-2012.html]
[www.bmts.ae/media-center/news-events/faac-award-for-bmts.html]
[www.bmts.ae/media-center/news-events/test.html]
[www.bmts.ae/media-center/news-events/bahri-mazroei-group-sees-good-2014-growth.html]
[www.bmts.ae/media-center/news-events/dubai-police-notification-on-security-surveillance-within-a-building.html]
[www.bmts.ae/media-center/news-events/bmts-wins-appreciation-for-successfully-handing-over-the-one-tower.html]
[www.bmts.ae/media-center/news-events/sustainable-solutions-for-382-high-trust-tower-in-abu-dhabi-bags-prestigious-global-award.html]
[www.bmts.ae/media-center/news-events/1bmts-and-bittel-sign-strategic-partnership-cooperation-agreement.html]
[www.bmts.ae/media-center/news-events/bmts-and-tint-sign-partnership-agreement.html]
[www.bmts.ae/media-center/news-events/bollywood-parks-equipped-with-industrial-and-life-safety-solutions-by-bmts.html]
[www.bmts.ae/downloads/company-profile.html]
[www.bmts.ae/downloads/case-studies.html]
[www.bmts.ae/downloads/project-reference-list.html]
[www.bmts.ae/contacts.html]
[www.bmts.ae/images/sliders/slide1.jpg]
[www.bmts.ae/component/finder/index8f06.html]
[www.bmts.ae/images/slide2.jpg]
[www.bmts.ae/images/new_metro.jpg]
[www.bmts.ae/images/banners/shkkahlifa.jpg]
[www.bmts.ae/images/banners/qasar_alsarab.jpg]
[www.bmts.ae/images/sliders/market_fianl.jpg]
[www.bmts.ae/images/sliders/jumria_beach.jpg]
[www.bmts.ae/images/slide8.jpg]
[www.bmts.ae/images/slide9.jpg]
[www.bmts.ae/images/slide10.jpg]
[www.bmts.ae/images/banners/dubai_international.jpg]
[www.bmts.ae/images/EVENTS/Fujairah_Stadium.jpg]
[www.bmts.ae/media-center/news-events/test/86-bmts-enhances-fujairah-stadium-sound-experience.html]
[www.bmts.ae/images/EVENTS/1.jpg]
[www.bmts.ae/images/NEWSANDEVENTS/Samsung_Award_2016_/for_LinkedIn.jpg]
[www.bmts.ae/media-center/news-events/test/82-samsung-honors-bmts-with-platinum-partner-award.html]
[www.bmts.ae/images/NEWS/Tower.jpg]
[www.bmts.ae/media-center/news-events/76-bmts-wins-appreciation-for-successfully-handing-over-the-one-tower.html]
[www.bmts.ae/partners.html]
[www.bmts.ae/project-references-list.html]
[www.bmts.ae/corporate-presentation.html]
[www.bmts.ae/careers.html]
[www.bmts.ae/terms-and-conditions.html]
[www.bmts.ae/templates/bmtsversion6/googlemap1_frame.html]
[www.bmts.ae/images/map1.jpg]
[www.bmts.ae/templates/bmtsversion6/googlemap2_frame.html]
[www.bmts.ae/images/groupof_copamy2.png]
[www.bmts.ae/templates/bmtsversion6/images/footer_up_arrow.png]
[www.bmts.ae/index.html]
[www.bmts.ae/templates/bmtsversion6/images/boxy-nw.png]
[www.bmts.ae/templates/bmtsversion6/images/boxy-ne.png]
[www.bmts.ae/templates/bmtsversion6/images/boxy-se.png]
[www.bmts.ae/templates/bmtsversion6/images/boxy-sw.png]
[www.bmts.ae/templates/bmtsversion6/images/question.png]
[www.bmts.ae/templates/bmtsversion6/stylesheets/images/boxy-nw2.png]
[www.bmts.ae/templates/bmtsversion6/stylesheets/images/boxy-ne2.png]
[www.bmts.ae/templates/bmtsversion6/stylesheets/images/boxy-se2.png]
[www.bmts.ae/templates/bmtsversion6/stylesheets/images/boxy-sw2.png]
[www.bmts.ae/templates/bmtsversion6/images/title_bar.png]
[www.bmts.ae/templates/bmtsversion6/images/close.png]
[www.bmts.ae/templates/bmtsversion6/images/close2.png]
[www.bmts.ae/templates/bmtsversion6/stylesheets/boxy.css]
[www.bmts.ae/templates/bmtsversion6/images/fancybox_sprite.png]
[www.bmts.ae/templates/bmtsversion6/images/fancybox_loading.gif]
[www.bmts.ae/templates/bmtsversion6/images/blank.gif]
[www.bmts.ae/templates/bmtsversion6/images/fancybox_overlay.png]
[www.bmts.ae/templates/bmtsversion6/css/jquery.fancybox1c51.css]
[www.bmts.ae/plugins/system/rokbox/themes/light/close.png]
[www.bmts.ae/plugins/system/rokbox/themes/light/tl.png]
[www.bmts.ae/plugins/system/rokbox/themes/light/tr.png]
[www.bmts.ae/plugins/system/rokbox/themes/light/top.png]
[www.bmts.ae/plugins/system/rokbox/themes/light/left.png]
[www.bmts.ae/plugins/system/rokbox/themes/light/right.png]
[www.bmts.ae/plugins/system/rokbox/themes/light/bl.png]
[www.bmts.ae/plugins/system/rokbox/themes/light/br.png]
[www.bmts.ae/plugins/system/rokbox/themes/light/bottom.png]
[www.bmts.ae/plugins/system/rokbox/themes/light/ajax-loader.gif]
[www.bmts.ae/plugins/system/rokbox/themes/light/warning.png]
[www.bmts.ae/plugins/system/rokbox/themes/light/prev.png]
[www.bmts.ae/plugins/system/rokbox/themes/light/next.png]
[www.bmts.ae/plugins/system/rokbox/themes/light/rokbox-style.css]
[www.bmts.ae/modules/mod_unite_nivoslider/tmpl/themes/default/top_slide_shadow.png]
[www.bmts.ae/modules/mod_unite_nivoslider/tmpl/themes/default/opacity.png]
[www.bmts.ae/modules/mod_unite_nivoslider/tmpl/css/nivo-slider.css]
[www.bmts.ae/modules/mod_unite_nivoslider/tmpl/themes/default/loading.gif]
[www.bmts.ae/modules/mod_unite_nivoslider/tmpl/themes/default/bullets.png]
[www.bmts.ae/modules/mod_unite_nivoslider/tmpl/themes/default/arrows.png]
[www.bmts.ae/modules/mod_unite_nivoslider/tmpl/themes/default/default.css]
[www.bmts.ae/media/com_finder/images/mime/pdf.png]
[www.bmts.ae/media/com_finder/css/finder.css]
[www.bmts.ae/media/com_finder/css/sliderfilter.css]
[www.bmts.ae/modules/mod_roknavmenu/themes/fusion/images/border-right.png]
[www.bmts.ae/modules/mod_roknavmenu/themes/fusion/images/titlebar_menu_corners.png]
[www.bmts.ae/modules/mod_roknavmenu/themes/fusion/images/level3-parent.png]
[www.bmts.ae/modules/mod_roknavmenu/themes/fusion/images/level4-parent.png]
[www.bmts.ae/modules/mod_roknavmenu/themes/fusion/css/fusion.css]
[www.bmts.ae/plugins/system/rokbox/index.html]
[www.bmts.ae/templates/system/css/system.css]
[www.bmts.ae/media/system/css/system.css]
[www.bmts.ae/templates/system/images/j_button2_left.png]
[www.bmts.ae/templates/system/images/j_button2_right.png]
[www.bmts.ae/templates/system/images/j_button2_image.png]
[www.bmts.ae/templates/system/images/j_button2_readmore.png]
[www.bmts.ae/templates/system/images/j_button2_pagebreak.png]
[www.bmts.ae/templates/system/images/j_button2_blank.png]
[www.bmts.ae/templates/system/images/selector-arrow.png]
[www.bmts.ae/templates/system/images/calendar.png]
[www.bmts.ae/templates/system/css/general.css]
[www.bmts.ae/templates/bmtsversion6/images/page_bg.png]
[www.bmts.ae/templates/bmtsversion6/images/content_breadcrumbs.png]
[www.bmts.ae/templates/bmtsversion6/images/content_breadcrumbs_link.png]
[www.bmts.ae/templates/bmtsversion6/images/content_breadcrumbs_link_last.png]
[www.bmts.ae/templates/bmtsversion6/images/content_breadcrumbs_left.png]
[www.bmts.ae/templates/bmtsversion6/images/footer.gif]
[www.bmts.ae/templates/bmtsversion6/images/footer_shadow.png]
[www.bmts.ae/templates/bmtsversion6/images/pointer.png]
[www.bmts.ae/templates/bmtsversion6/images/border-right.png]
[www.bmts.ae/templates/bmtsversion6/images/dashed_bar.png]
[www.bmts.ae/images/bullets.png]
[www.bmts.ae/images/zooms3.png]
[www.bmts.ae/templates/bmtsversion6/css/default.css]
[www.bmts.ae/about-us-bmts.html]
[www.bmts.ae/images/zooms3.cur]
[www.bmts.ae/images/banners/history.jpg]
[www.bmts.ae/about-us-bmts/history.html]
[www.bmts.ae/images/banners/popeld_new.png]
[www.bmts.ae/about-us-bmts/people.html]
[www.bmts.ae/images/key.jpg]
[www.bmts.ae/about-us-bmts/vision-mision-values.html]
[www.bmts.ae/images/banners/bukdling_anagemnetss.jpg]
[www.bmts.ae/solutions-services/building-management-solutions.html]
[www.bmts.ae/images/banners/datasystem.jpg]
[www.bmts.ae/solutions-services/data-systems.html]
[www.bmts.ae/images/banners/home-aitmation.jpg]
[www.bmts.ae/solutions-services/home-automation-systems.html]
[www.bmts.ae/images/banners/facilites_manament_143.jpg]
[www.bmts.ae/solutions-services/facility-management-solutions.html]
[www.bmts.ae/images/banners/intelligen_ligningcongtols.jpg]
[www.bmts.ae/solutions-services/intelligent-lighting-controls.html]
[www.bmts.ae/images/banners/safety_solutionop_final5.jpg]
[www.bmts.ae/solutions-services/life-safety-solutions.html]
[www.bmts.ae/images/banners/power.jpg]
[www.bmts.ae/solutions-services/power-solutions.html]
[www.bmts.ae/images/banners/security_acess.jpg]
[www.bmts.ae/solutions-services/security-access-control.html]
[www.bmts.ae/images/banners/vehice_kanageents.jpg]
[www.bmts.ae/solutions-services/vehicle-flow-management-systems.html]
[www.bmts.ae/images/banners/building.jpg]
[www.bmts.ae/images/LOGOS/sontay.png]
[www.bmts.ae/images/LOGOS/alerton.png]
[www.bmts.ae/images/LOGOS/landis.png]
[www.bmts.ae/images/LOGOS/hc_collar.png]
[www.bmts.ae/our-partners/bms.html]
[www.bmts.ae/images/banners/structure_cabling.jpg]
[www.bmts.ae/images/LOGOS/molex.png]
[www.bmts.ae/our-partners/structured-cabling.html]
[www.bmts.ae/images/home_automation.jpg]
[www.bmts.ae/images/LOGOS/bpt.png]
[www.bmts.ae/our-partners/home-automation.html]
[www.bmts.ae/images/banners/life_safety_5.jpg]
[www.bmts.ae/images/LOGOS/gent.png]
[www.bmts.ae/images/LOGOS/ateis.png]
[www.bmts.ae/images/LOGOS/cooper.png]
[www.bmts.ae/images/LOGOS/IDH_LOGO.jpg]
[www.bmts.ae/images/LOGOS/vesda.png]
[www.bmts.ae/our-partners/life-safety-solutions.html]
[www.bmts.ae/images/banners/power_solution.jpg]
[www.bmts.ae/images/PARTNERS/powerpoint.png]
[www.bmts.ae/images/LOGOS/ge.png]
[www.bmts.ae/our-partners/power-solutions.html]
[www.bmts.ae/images/security_access_9.jpg]
[www.bmts.ae/images/PARTNERS/logo4.gif]
[www.bmts.ae/images/PARTNERS/logo3.gif]
[www.bmts.ae/images/PARTNERS/logo2.gif]
[www.bmts.ae/images/PARTNERS/logo1.gif]
[www.bmts.ae/our-partners/security-access-control.html]
[www.bmts.ae/images/banners/sustainable.jpg]
[www.bmts.ae/images/LOGOS/helvar.png]
[www.bmts.ae/images/banners/partners-logo191.jpg]
[www.bmts.ae/images/banners/siemens.jpg]
[www.bmts.ae/our-partners/sustainable-solution.html]
[www.bmts.ae/images/banners/partneship.jpg]
[www.bmts.ae/images/LOGOS/faac.png]
[www.bmts.ae/images/LOGOS/streamex.png]
[www.bmts.ae/our-partners/vehicle-management.html]
[www.bmts.ae/images/banners/banking_5.jpg]
[www.bmts.ae/project-references/banking-finace.html]
[www.bmts.ae/images/banners/commercials.jpg]
[www.bmts.ae/project-references/commercial.html]
[www.bmts.ae/images/banners/educationals.jpg]
[www.bmts.ae/project-references/education.html]
[www.bmts.ae/images/banners/dubai_museum.jpg]
[www.bmts.ae/project-references/goverment-buildings.html]
[www.bmts.ae/images/banners/healthcarefinal.jpg]
[www.bmts.ae/project-references/healthcare.html]
[www.bmts.ae/images/banners/hospitalitys.jpg]
[www.bmts.ae/project-references/holiday-laisure.html]
[www.bmts.ae/images/banners/infrastructure.jpg]
[www.bmts.ae/project-references/airports-infrastructure.html]
[www.bmts.ae/images/banners/residential_4.jpg]
[www.bmts.ae/project-references/residential.html]
[www.bmts.ae/images/banners/shopping-lesidure.jpg]
[www.bmts.ae/project-references/shopping-malls.html]
[www.bmts.ae/images/banners/sports_22.jpg]
[www.bmts.ae/project-references/sports-pastime.html]
[www.bmts.ae/images/NEWSANDEVENTS/HELVAR_AWARDS/accolades -helvar distributor of the year 2012.jpg]
[www.bmts.ae/images/NEWSANDEVENTS/BMTS_New_location_in_mossafah/new-office-in-mussafah.jpg]
[www.bmts.ae/media-center/gallery-news-events.html]
[www.bmts.ae/media-center/gallery-news-events/bmts-moves-to-new-location-in-mussafah/index.html]
[www.bmts.ae/plugins/content/admirorgallery/admirorgallery/AdmirorGallery.css]
[www.bmts.ae/plugins/content/admirorgallery/admirorgallery/templates/classic/template.css]
[www.bmts.ae/plugins/content/admirorgallery/admirorgallery/templates/classic/albums/albums.css]
[www.bmts.ae/plugins/content/admirorgallery/admirorgallery/templates/classic/pagination/pagination.css]
[www.bmts.ae/plugins/content/admirorgallery/admirorgallery/popups/fancybox/css/jquery.fancybox-1.3.1.css]
[www.bmts.ae/plugins/content/admirorgallery/admirorgallery/popups/fancybox/js/jquery.fancybox-1.3.1.pack.js]
[www.bmts.ae/plugins/content/admirorgallery/admirorgallery/popups/fancybox/js/jquery.easing-1.3.pack.js]
[www.bmts.ae/plugins/content/admirorgallery/admirorgallery/AG_jQuery.js]
[www.bmts.ae/plugins/content/admirorgallery/admirorgallery/popups/fancybox/js/jquery.mousewheel-3.0.2.pack.js]
[www.bmts.ae/images/NEWSANDEVENTS/BMTS_New_location_in_mossafah/new-office-in-mussafah7.jpg]
[www.bmts.ae/plugins/content/admirorgallery/admirorgallery/thumbs/BMTS_New_location_in_mossafah/new-office-in-mussafah7.jpg]
[www.bmts.ae/images/NEWSANDEVENTS/BMTS_New_location_in_mossafah/new-office-in-mussafah2.jpg]
[www.bmts.ae/plugins/content/admirorgallery/admirorgallery/thumbs/BMTS_New_location_in_mossafah/new-office-in-mussafah2.jpg]
[www.bmts.ae/images/NEWSANDEVENTS/BMTS_New_location_in_mossafah/new-office-in-mussafah4.jpg]
[www.bmts.ae/plugins/content/admirorgallery/admirorgallery/thumbs/BMTS_New_location_in_mossafah/new-office-in-mussafah4.jpg]
[www.bmts.ae/images/NEWSANDEVENTS/BMTS_New_location_in_mossafah/new-office-in-mussafah8.jpg]
[www.bmts.ae/plugins/content/admirorgallery/admirorgallery/thumbs/BMTS_New_location_in_mossafah/new-office-in-mussafah8.jpg]
[www.bmts.ae/images/NEWSANDEVENTS/BMTS_New_location_in_mossafah/new-office-in-mussafah6.jpg]
[www.bmts.ae/plugins/content/admirorgallery/admirorgallery/thumbs/BMTS_New_location_in_mossafah/new-office-in-mussafah6.jpg]
[www.bmts.ae/images/NEWSANDEVENTS/BMTS_New_location_in_mossafah/new-office-in-mussafah11.jpg]
[www.bmts.ae/plugins/content/admirorgallery/admirorgallery/thumbs/BMTS_New_location_in_mossafah/new-office-in-mussafah11.jpg]
[www.bmts.ae/images/NEWSANDEVENTS/BMTS_New_location_in_mossafah/new-office-in-mussafah9.jpg]
[www.bmts.ae/plugins/content/admirorgallery/admirorgallery/thumbs/BMTS_New_location_in_mossafah/new-office-in-mussafah9.jpg]
[www.bmts.ae/images/NEWSANDEVENTS/BMTS_New_location_in_mossafah/new-office-in-mussafah5.jpg]
[www.bmts.ae/plugins/content/admirorgallery/admirorgallery/thumbs/BMTS_New_location_in_mossafah/new-office-in-mussafah5.jpg]
[www.bmts.ae/images/NEWSANDEVENTS/BMTS_New_location_in_mossafah/new-office-in-mussafah3.jpg]
[www.bmts.ae/plugins/content/admirorgallery/admirorgallery/thumbs/BMTS_New_location_in_mossafah/new-office-in-mussafah3.jpg]
[www.bmts.ae/images/NEWSANDEVENTS/BMTS_New_location_in_mossafah/new-office-in-mussafah1.jpg]
[www.bmts.ae/plugins/content/admirorgallery/admirorgallery/thumbs/BMTS_New_location_in_mossafah/new-office-in-mussafah1.jpg]
[www.bmts.ae/plugins/content/admirorgallery/admirorgallery/thumbs/BMTS_New_location_in_mossafah/new-office-in-mussafah.jpg]
[www.bmts.ae/media-center/gallery-news-events/bmts-moves-to-new-location-in-mussafah.html]
[www.bmts.ae/plugins/content/admirorgallery/admirorgallery/thumbs/HELVAR_AWARDS/accolades -helvar distributor of the year 2012.jpg]
[www.bmts.ae/images/NEWSANDEVENTS/HELVAR_AWARDS/accolades -helvar distributor of the year 2012_a.jpg]
[www.bmts.ae/plugins/content/admirorgallery/admirorgallery/thumbs/HELVAR_AWARDS/accolades -helvar distributor of the year 2012_a.jpg]
[www.bmts.ae/media-center/gallery-news-events/bmts-wins-distributor-of-the-year-at-helvar-meet.html]
[www.bmts.ae/images/issue10.jpg]
[www.bmts.ae/images/NEWSLETTERS/issue10.zip]
[www.bmts.ae/images/donwloads.gif]
[www.bmts.ae/images/issue9.jpg]
[www.bmts.ae/images/NEWSLETTERS/issue9.zip]
[www.bmts.ae/images/issue8.jpg]
[www.bmts.ae/images/NEWSLETTERS/issue8.zip]
[www.bmts.ae/images/issue7.jpg]
[www.bmts.ae/images/NEWSLETTERS/issue7.zip]
[www.bmts.ae/images/issue6.jpg]
[www.bmts.ae/images/NEWSLETTERS/issue6.zip]
[www.bmts.ae/images/issue5.jpg]
[www.bmts.ae/images/NEWSLETTERS/issue5.zip]
[www.bmts.ae/images/issue4.jpg]
[www.bmts.ae/images/NEWSLETTERS/issue4.zip]
[www.bmts.ae/images/issue3.jpg]
[www.bmts.ae/images/NEWSLETTERS/issue3.zip]
[www.bmts.ae/images/issue2.jpg]
[www.bmts.ae/images/NEWSLETTERS/issue2.zip]
[www.bmts.ae/images/issue1.jpg]
[www.bmts.ae/images/NEWSLETTERS/issue1.zip]
[www.bmts.ae/media-center/newsletters.html]
[www.bmts.ae/images/NEWS/CCTV.jpg]
[www.bmts.ae/media-center/news-events0c72.html]
[www.bmts.ae/media-center/news-events.html]
[www.bmts.ae/images/NEWS/news_final.jpg]
[www.bmts.ae/media-center/news-events/comelit-bmts-launch-ip-technology.html]
[www.bmts.ae/media-center/news-events/new-office-in-mussafah.html]
[www.bmts.ae/images/gallery/accolades -helvar distributor of the year 2012 2.jpg]
[www.bmts.ae/media-center/news-events/helvar-distributor-of-the-year-2012.html]
[www.bmts.ae/images/NEWS/PB100151.jpg]
[www.bmts.ae/media-center/news-events/faac-award-for-bmts.html]
[www.bmts.ae/media-center/news-events/test.html]
[www.bmts.ae/images/NEWSANDEVENTS/Esam.jpg]
[www.bmts.ae/media-center/news-events/bahri-mazroei-group-sees-good-2014-growth.html]
[www.bmts.ae/media-center/news-events/dubai-police-notification-on-security-surveillance-within-a-building.html]
[www.bmts.ae/media-center/news-events/bmts-wins-appreciation-for-successfully-handing-over-the-one-tower.html]
[www.bmts.ae/images/NEWSANDEVENTS/DALI/winners.jpg]
[www.bmts.ae/media-center/news-events/sustainable-solutions-for-382-high-trust-tower-in-abu-dhabi-bags-prestigious-global-award.html]
[www.bmts.ae/images/NEWSANDEVENTS/Bittel/Bittel -BMTS.jpg]
[www.bmts.ae/media-center/news-events/1bmts-and-bittel-sign-strategic-partnership-cooperation-agreement.html]
[www.bmts.ae/images/gallery/TINT/Agreement_signing_with_TINT.jpg]
[www.bmts.ae/media-center/news-events/bmts-and-tint-sign-partnership-agreement.html]
[www.bmts.ae/media-center/news-events/bollywood-parks-equipped-with-industrial-and-life-safety-solutions-by-bmts.html]
[www.bmts.ae/components/com_phocadownload/assets/phocadownload.css]
[www.bmts.ae/components/com_phocadownload/assets/phocadownload-grey.css]
[www.bmts.ae/components/com_phocadownload/assets/phocadownloadbutton.css]
[www.bmts.ae/components/com_phocadownload/assets/phocadownloadbuttonrc.css]
[www.bmts.ae/components/com_phocadownload/assets/phocadownloadrating.css]
[www.bmts.ae/components/com_phocadownload/assets/custom.css]
[www.bmts.ae/media/system/css/modal.css]
[www.bmts.ae/media/system/js/modal.js]
[www.bmts.ae/components/com_phocadownload/assets/overlib/overlib_mini.js]
[www.bmts.ae/components/com_phocadownload/assets/images/up.png]
[www.bmts.ae/registration5c42.html]
[www.bmts.ae/phocadownloadpap/companyrpfioles.gif]
[www.bmts.ae/registration798d.html]
[www.bmts.ae/registration4488.html]
[www.bmts.ae/registration.html]
[www.bmts.ae/downloads/company-profile.html]
[www.bmts.ae/registration5c50.html]
[www.bmts.ae/phocadownloadpap/sheik.png]
[www.bmts.ae/phocadownloadpap/ibn_batuta.png]
[www.bmts.ae/phocadownloadpap/jumeira.png]
[www.bmts.ae/phocadownloadpap/madinat.jpg]
[www.bmts.ae/downloads/case-studies.html]
[www.bmts.ae/registration6cb0.html]
[www.bmts.ae/phocadownloadpap/preject_refreence.jpg]
[www.bmts.ae/phocadownloadpap/hospitality.jpg]
[www.bmts.ae/phocadownloadpap/infrustracture.jpg]
[www.bmts.ae/phocadownloadpap/shopping.jpg]
[www.bmts.ae/phocadownloadpap/educational.jpg]
[www.bmts.ae/phocadownloadpap/healthcare.jpg]
[www.bmts.ae/phocadownloadpap/banking_finnce.jpg]
[www.bmts.ae/phocadownloadpap/sports.jpg]
[www.bmts.ae/phocadownloadpap/miexed_used.jpg]
[www.bmts.ae/phocadownloadpap/mega_developmeent.jpg]
[www.bmts.ae/downloads/project-reference-list.html]
[www.bmts.ae/media/system/js/validate.js]
[www.google.com/recaptcha/api/js/recaptcha_ajax.js]
[www.bmts.ae/contacts.html]
[www.bmts.ae/media-center/news-events/test/86-bmts-enhances-fujairah-stadium-sound-experience.html]
[www.bmts.ae/media-center/news-events/test/82-samsung-honors-bmts-with-platinum-partner-award.html]
[www.bmts.ae/media-center/news-events/76-bmts-wins-appreciation-for-successfully-handing-over-the-one-tower.html]
[www.bmts.ae/partners.html]
[www.bmts.ae/project-references-list.html]
[www.bmts.ae/corporate/Home5.swf]
[www.bmts.ae/Scripts/expressInstall.159.delayed]
[awebcogroup.com/BMTS_CMS/media/editors/tinymce/jscripts/tiny_mce/themes/advanced/img/trans.15a.delayed]
[www.bmts.ae/_http_/www.adobe.com/go/getflashplayer/___img.html]
[www.bmts.ae/_http_/www.adobe.com/images/shared/download_buttons/get_flash_player.gif/_]
[www.bmts.ae/corporate-presentation.html]
[www.bmts.ae/components/com_hostingrajacareer/assets/css/style.css]
[www.bmts.ae/components/com_hostingrajacareer/assets/js/validate.js]
[www.bmts.ae/careers.html]
[www.bmts.ae/terms-and-conditions.html]
[www.bmts.ae/templates/bmtsversion6/googlemap1_frame.html]
[www.bmts.ae/templates/bmtsversion6/googlemap2_frame.html]
[www.bmts.ae/templates/bmtsversion6/images/question.html]
[www.bmts.ae/templates/bmtsversion6/stylesheets/images/boxy-nw2.html]
[www.bmts.ae/templates/bmtsversion6/stylesheets/images/boxy-ne2.html]
[www.bmts.ae/templates/bmtsversion6/stylesheets/images/boxy-se2.html]
[www.bmts.ae/templates/bmtsversion6/stylesheets/images/boxy-sw2.html]
[www.bmts.ae/templates/bmtsversion6/images/title_bar.html]
[www.bmts.ae/templates/bmtsversion6/images/close.html]
[www.bmts.ae/templates/bmtsversion6/images/close2.html]
[www.bmts.ae/media/com_finder/images/mime/pdf.html]
[www.bmts.ae/media/system/images/notice-info.png]
[www.bmts.ae/media/system/images/notice-alert.png]
[www.bmts.ae/media/system/images/notice-note.png]
[www.bmts.ae/media/system/css/system.css]
[www.bmts.ae/templates/bmtsversion6/images/footer.html]
[www.bmts.ae/media-center/gallery-news-events/bmts-moves-to-new-location-in-mussafah/index.html]
[www.bmts.ae/plugins/content/admirorgallery/admirorgallery/error-icon.gif]
[www.bmts.ae/plugins/content/admirorgallery/admirorgallery/AdmirorGallery.css]
[www.bmts.ae/plugins/content/admirorgallery/admirorgallery/templates/classic/template.css]
[www.bmts.ae/plugins/content/admirorgallery/admirorgallery/templates/classic/albums/back.png]
[www.bmts.ae/plugins/content/admirorgallery/admirorgallery/templates/classic/albums/albums.css]
[www.bmts.ae/plugins/content/admirorgallery/admirorgallery/templates/classic/pagination/pagination.css]
[www.bmts.ae/plugins/content/admirorgallery/admirorgallery/popups/fancybox/css/fancybox.png]
[www.bmts.ae/plugins/content/admirorgallery/admirorgallery/popups/fancybox/css/fancy_title_over.png]
[www.bmts.ae/plugins/content/admirorgallery/admirorgallery/popups/fancybox/css/fancybox-x.png]
[www.bmts.ae/plugins/content/admirorgallery/admirorgallery/popups/fancybox/css/blank.gif]
[www.bmts.ae/plugins/content/admirorgallery/admirorgallery/popups/fancybox/css/fancybox-y.png]
[www.bmts.ae/plugins/content/admirorgallery/admirorgallery/popups/fancybox/css/plugins/content/admirorgallery/popups/fancybox/css/fancy_loading.png]
[www.bmts.ae/plugins/content/admirorgallery/admirorgallery/popups/fancybox/css/plugins/content/admirorgallery/popups/fancybox/css/fancy_close.png]
[www.bmts.ae/plugins/content/admirorgallery/admirorgallery/popups/fancybox/css/plugins/content/admirorgallery/popups/fancybox/css/fancy_title_over.png]
[www.bmts.ae/plugins/content/admirorgallery/admirorgallery/popups/fancybox/css/plugins/content/admirorgallery/popups/fancybox/css/fancy_title_left.png]
[www.bmts.ae/plugins/content/admirorgallery/admirorgallery/popups/fancybox/css/plugins/content/admirorgallery/popups/fancybox/css/fancy_title_main.png]
[www.bmts.ae/plugins/content/admirorgallery/admirorgallery/popups/fancybox/css/plugins/content/admirorgallery/popups/fancybox/css/fancy_title_right.png]
[www.bmts.ae/plugins/content/admirorgallery/admirorgallery/popups/fancybox/css/plugins/content/admirorgallery/popups/fancybox/css/fancy_shadow_n.png]
[www.bmts.ae/plugins/content/admirorgallery/admirorgallery/popups/fancybox/css/plugins/content/admirorgallery/popups/fancybox/css/fancy_shadow_ne.png]
[www.bmts.ae/plugins/content/admirorgallery/admirorgallery/popups/fancybox/css/plugins/content/admirorgallery/popups/fancybox/css/fancy_shadow_e.png]
[www.bmts.ae/plugins/content/admirorgallery/admirorgallery/popups/fancybox/css/plugins/content/admirorgallery/popups/fancybox/css/fancy_shadow_se.png]
[www.bmts.ae/plugins/content/admirorgallery/admirorgallery/popups/fancybox/css/plugins/content/admirorgallery/popups/fancybox/css/fancy_shadow_s.png]
[www.bmts.ae/plugins/content/admirorgallery/admirorgallery/popups/fancybox/css/plugins/content/admirorgallery/popups/fancybox/css/fancy_shadow_sw.png]
[www.bmts.ae/plugins/content/admirorgallery/admirorgallery/popups/fancybox/css/plugins/content/admirorgallery/popups/fancybox/css/fancy_shadow_w.png]
[www.bmts.ae/plugins/content/admirorgallery/admirorgallery/popups/fancybox/css/plugins/content/admirorgallery/popups/fancybox/css/fancy_shadow_nw.png]
[www.bmts.ae/plugins/content/admirorgallery/admirorgallery/popups/fancybox/css/jquery.fancybox-1.3.1.css]
[www.bmts.ae/images/NEWSLETTERS/issue10.zip]
[www.bmts.ae/images/NEWSLETTERS/issue9.zip]
[www.bmts.ae/images/NEWSLETTERS/issue8.zip]
[www.bmts.ae/images/NEWSLETTERS/issue6.zip]
[www.bmts.ae/images/NEWSLETTERS/issue5.zip]
[www.bmts.ae/images/NEWSLETTERS/issue4.zip]
[www.bmts.ae/images/NEWSLETTERS/issue3.zip]
[www.bmts.ae/images/NEWSLETTERS/issue2.zip]
[www.bmts.ae/images/NEWSLETTERS/issue1.zip]
[www.bmts.ae/media-center/news-events501f.html]
[www.bmts.ae/media-center/news-events0c72.html]
[www.bmts.ae/components/com_phocadownload/assets/images/folder.png]
[www.bmts.ae/components/com_phocadownload/assets/images/document.png]
[www.bmts.ae/components/com_phocadownload/assets/phocadownload.css]
[www.bmts.ae/components/com_phocadownload/assets/phocadownload-grey.css]
[www.bmts.ae/components/com_phocadownload/assets/images/btn.png]
[www.bmts.ae/components/com_phocadownload/assets/images/icon-play.png]
[www.bmts.ae/components/com_phocadownload/assets/images/icon-preview.png]
[www.bmts.ae/components/com_phocadownload/assets/images/icon-download.png]
[www.bmts.ae/components/com_phocadownload/assets/images/icon-details.png]
[www.bmts.ae/components/com_phocadownload/assets/images/icon-extlink1.png]
[www.bmts.ae/components/com_phocadownload/assets/images/icon-extlink2.png]
[www.bmts.ae/components/com_phocadownload/assets/phocadownloadbutton.css]
[www.bmts.ae/components/com_phocadownload/assets/phocadownloadbuttonrc.css]
[www.bmts.ae/components/com_phocadownload/assets/images/icon-voting.png]
[www.bmts.ae/components/com_phocadownload/assets/images/icon-voting-small.png]
[www.bmts.ae/components/com_phocadownload/assets/phocadownloadrating.css]
[www.bmts.ae/components/com_phocadownload/assets/custom.css]
[www.bmts.ae/media/system/images/modal/closebox.png]
[www.bmts.ae/media/system/images/modal/spinner.gif]
[www.bmts.ae/media/system/images/modal/bg_n.png]
[www.bmts.ae/media/system/images/modal/bg_ne.png]
[www.bmts.ae/media/system/images/modal/bg_e.png]
[www.bmts.ae/media/system/images/modal/bg_se.png]
[www.bmts.ae/media/system/images/modal/bg_s.png]
[www.bmts.ae/media/system/images/modal/bg_sw.png]
[www.bmts.ae/media/system/images/modal/bg_w.png]
[www.bmts.ae/media/system/images/modal/bg_nw.png]
[www.bmts.ae/media/system/css/modal.css]
[www.bmts.ae/registration5c42.html]
[www.bmts.ae/registration798d.html]
[www.bmts.ae/registration4488.html]
[www.bmts.ae/registration.html]
[www.bmts.ae/registration5c50.html]
[www.bmts.ae/registration6cb0.html]
[www.bmts.ae/Scripts/expressInstall.html]
[awebcogroup.com/BMTS_CMS/media/editors/tinymce/jscripts/tiny_mce/themes/advanced/img/trans.html]
[www.bmts.ae/_http_/www.adobe.com/go/getflashplayer/___img.html]
[www.bmts.ae/_http_/www.adobe.com/images/shared/download_buttons/get_flash_player.gif/_.html]
[www.bmts.ae/components/com_hostingrajacareer/assets/images/arrow1.png]
[www.bmts.ae/corporate/Home5.swf]
[www.bmts.ae/components/com_hostingrajacareer/assets/css/style.css]
[www.bmts.ae/plugins/content/admirorgallery/admirorgallery/popups/fancybox/css/plugins/content/admirorgallery/popups/fancybox/css/fancy_loading.html]
[www.bmts.ae/plugins/content/admirorgallery/admirorgallery/popups/fancybox/css/plugins/content/admirorgallery/popups/fancybox/css/fancy_close.html]
[www.bmts.ae/plugins/content/admirorgallery/admirorgallery/popups/fancybox/css/plugins/content/admirorgallery/popups/fancybox/css/fancy_title_over.html]
[www.bmts.ae/plugins/content/admirorgallery/admirorgallery/popups/fancybox/css/plugins/content/admirorgallery/popups/fancybox/css/fancy_title_left.html]
[www.bmts.ae/plugins/content/admirorgallery/admirorgallery/popups/fancybox/css/plugins/content/admirorgallery/popups/fancybox/css/fancy_title_main.html]
[www.bmts.ae/plugins/content/admirorgallery/admirorgallery/popups/fancybox/css/plugins/content/admirorgallery/popups/fancybox/css/fancy_title_right.html]
[www.bmts.ae/plugins/content/admirorgallery/admirorgallery/popups/fancybox/css/plugins/content/admirorgallery/popups/fancybox/css/fancy_shadow_n.html]
[www.bmts.ae/plugins/content/admirorgallery/admirorgallery/popups/fancybox/css/plugins/content/admirorgallery/popups/fancybox/css/fancy_shadow_ne.html]
[www.bmts.ae/plugins/content/admirorgallery/admirorgallery/popups/fancybox/css/plugins/content/admirorgallery/popups/fancybox/css/fancy_shadow_e.html]
[www.bmts.ae/plugins/content/admirorgallery/admirorgallery/popups/fancybox/css/plugins/content/admirorgallery/popups/fancybox/css/fancy_shadow_se.html]
[www.bmts.ae/plugins/content/admirorgallery/admirorgallery/popups/fancybox/css/plugins/content/admirorgallery/popups/fancybox/css/fancy_shadow_s.html]
[www.bmts.ae/plugins/content/admirorgallery/admirorgallery/popups/fancybox/css/plugins/content/admirorgallery/popups/fancybox/css/fancy_shadow_sw.html]
[www.bmts.ae/plugins/content/admirorgallery/admirorgallery/popups/fancybox/css/plugins/content/admirorgallery/popups/fancybox/css/fancy_shadow_w.html]
[www.bmts.ae/plugins/content/admirorgallery/admirorgallery/popups/fancybox/css/plugins/content/admirorgallery/popups/fancybox/css/fancy_shadow_nw.html]
[www.bmts.ae/images/NEWSLETTERS/issue9.zip]
[www.bmts.ae/images/NEWSLETTERS/issue8.zip]
[www.bmts.ae/images/NEWSLETTERS/issue6.zip]
[www.bmts.ae/images/NEWSLETTERS/issue5.zip]
[www.bmts.ae/images/NEWSLETTERS/issue4.zip]
[www.bmts.ae/images/NEWSLETTERS/issue3.zip]
[www.bmts.ae/media-center/news-events501f.html]
